Archive member included       because of file (symbol)

/usr/local/lib/gcc-lib/arm-elf/2.95.3/libgcc.a(__main.o)
                              chap06_1.o (__gccmain)
/usr/local/lib/gcc-lib/arm-elf/2.95.3/libgcc.a(_ctors.o)
                              /usr/local/lib/gcc-lib/arm-elf/2.95.3/libgcc.a(__main.o) (__CTOR_LIST__)
/usr/local/lib/gcc-lib/arm-elf/2.95.3/libgcc.a(_divsi3.o)
                              lcd.o (__divsi3)
/usr/local/lib/gcc-lib/arm-elf/2.95.3/libgcc.a(_dvmd_tls.o)
                              /usr/local/lib/gcc-lib/arm-elf/2.95.3/libgcc.a(_divsi3.o) (__div0)
/usr/local/lib/gcc-lib/arm-elf/2.95.3/libgcc.a(_exit.o)
                              /usr/local/lib/gcc-lib/arm-elf/2.95.3/libgcc.a(__main.o) (_exit_dummy_decl)
/usr/local/arm-elf/lib/libc.a(__uClibc_main.o)
                              /usr/local/arm-elf/lib/crt0.o (__uClibc_main)
/usr/local/arm-elf/lib/libc.a(vsprintf.o)
                              lcd.o (vsprintf)
/usr/local/arm-elf/lib/libc.a(vsnprintf.o)
                              /usr/local/arm-elf/lib/libc.a(vsprintf.o) (vsnprintf)
/usr/local/arm-elf/lib/libc.a(vfnprintf.o)
                              /usr/local/arm-elf/lib/libc.a(vsnprintf.o) (vfnprintf)
/usr/local/arm-elf/lib/libc.a(atexit.o)
                              /usr/local/lib/gcc-lib/arm-elf/2.95.3/libgcc.a(__main.o) (atexit)
/usr/local/arm-elf/lib/libc.a(exit.o)
                              /usr/local/arm-elf/lib/libc.a(__uClibc_main.o) (exit)
/usr/local/arm-elf/lib/libc.a(errno.o)
                              /usr/local/arm-elf/lib/libc.a(__uClibc_main.o) (__errno_location)
/usr/local/arm-elf/lib/libc.a(_exit.o)
                              /usr/local/arm-elf/lib/libc.a(exit.o) (_exit)
/usr/local/arm-elf/lib/libc.a(ultostr.o)
                              /usr/local/arm-elf/lib/libc.a(vfnprintf.o) (__ultostr)
/usr/local/arm-elf/lib/libc.a(ltostr.o)
                              /usr/local/arm-elf/lib/libc.a(vfnprintf.o) (__ltostr)
/usr/local/arm-elf/lib/libc.a(dtostr.o)
                              /usr/local/arm-elf/lib/libc.a(vfnprintf.o) (__dtostr)
/usr/local/arm-elf/lib/libc.a(_stdio_init.o)
                              /usr/local/arm-elf/lib/libc.a(atexit.o) (__stdio_close_all)
/usr/local/arm-elf/lib/libc.a(ferror.o)
                              /usr/local/arm-elf/lib/libc.a(vfnprintf.o) (ferror)
/usr/local/arm-elf/lib/libc.a(fflush.o)
                              /usr/local/arm-elf/lib/libc.a(vfnprintf.o) (fflush)
/usr/local/arm-elf/lib/libc.a(fputc.o)
                              /usr/local/arm-elf/lib/libc.a(vfnprintf.o) (fputc)
/usr/local/arm-elf/lib/libc.a(_uClibc_fwrite.o)
                              /usr/local/arm-elf/lib/libc.a(fflush.o) (_uClibc_fwrite)
/usr/local/arm-elf/lib/libc.a(sprintf.o)
                              /usr/local/arm-elf/lib/libc.a(dtostr.o) (sprintf)
/usr/local/arm-elf/lib/libc.a(fnprintf.o)
                              /usr/local/arm-elf/lib/libc.a(dtostr.o) (fnprintf)
/usr/local/arm-elf/lib/libc.a(isatty.o)
                              /usr/local/arm-elf/lib/libc.a(_stdio_init.o) (isatty)
/usr/local/arm-elf/lib/libc.a(tcgetattr.o)
                              /usr/local/arm-elf/lib/libc.a(isatty.o) (tcgetattr)
/usr/local/arm-elf/lib/libc.a(write.o)
                              /usr/local/arm-elf/lib/libc.a(_uClibc_fwrite.o) (write)
/usr/local/arm-elf/lib/libc.a(_ioctl.o)
                              /usr/local/arm-elf/lib/libc.a(tcgetattr.o) (ioctl)
/usr/local/arm-elf/lib/libc.a(fseek.o)
                              /usr/local/arm-elf/lib/libc.a(_uClibc_fwrite.o) (fseek)
/usr/local/arm-elf/lib/libc.a(memset.o)
                              /usr/local/arm-elf/lib/libc.a(tcgetattr.o) (memset)
/usr/local/arm-elf/lib/libc.a(mempcpy.o)
                              /usr/local/arm-elf/lib/libc.a(tcgetattr.o) (mempcpy)
/usr/local/arm-elf/lib/libc.a(lseek.o)
                              /usr/local/arm-elf/lib/libc.a(fseek.o) (lseek)
/usr/local/lib/gcc-lib/arm-elf/2.95.3/libgcc.a(_udivsi3.o)
                              /usr/local/arm-elf/lib/libc.a(ultostr.o) (__udivsi3)
/usr/local/lib/gcc-lib/arm-elf/2.95.3/libgcc.a(_umodsi3.o)
                              /usr/local/arm-elf/lib/libc.a(ultostr.o) (__umodsi3)
/usr/local/lib/gcc-lib/arm-elf/2.95.3/libgcc.a(dp-bit.o)
                              /usr/local/arm-elf/lib/libc.a(dtostr.o) (__subdf3)
/usr/local/lib/gcc-lib/arm-elf/2.95.3/libgcc.a(fp-bit.o)
                              /usr/local/lib/gcc-lib/arm-elf/2.95.3/libgcc.a(dp-bit.o) (__make_fp)
/usr/local/lib/gcc-lib/arm-elf/2.95.3/libgcc.a(_lshrdi3.o)
                              /usr/local/lib/gcc-lib/arm-elf/2.95.3/libgcc.a(dp-bit.o) (__lshrdi3)

Allocating common symbols
Common symbol       size              file

scan_key_in_idx     0x4               driver.o
scan_key_buf        0x20              driver.o
cpld_ctrl           0x4               driver.o
scan_key_out_idx    0x4               driver.o
tick_sec            0x4               driver.o
key_assigned        0x4               driver.o
io_reg2             0x4               chap06_1.o
_fixed_buffers      0x400             /usr/local/arm-elf/lib/libc.a(_stdio_init.o)
seven_seg_idx       0x4               driver.o
seven_seg_buf       0x4               driver.o
i                   0x4               chap06_1.o
tick_on             0x4               driver.o
tick_min            0x4               driver.o
scan_idx            0x4               driver.o
last_scan_key       0x4               driver.o
io_reg0             0x4               driver.o
tick_hour           0x4               driver.o
tick_ms             0x4               driver.o
scan_key            0x4               driver.o
io_reg1             0x4               chap06_1.o

Memory Configuration

Name             Origin             Length             Attributes
*default*        0x00000000         0xffffffff

Linker script and memory map

LOAD /usr/local/lib/gcc-lib/arm-elf/2.95.3/crtbegin.o
LOAD /usr/local/arm-elf/lib/crt0.o
LOAD chap06_1.o
LOAD sbrk.o
LOAD driver.o
LOAD lcd.o
LOAD head_rom.o
LOAD /usr/local/lib/gcc-lib/arm-elf/2.95.3/libgcc.a
LOAD /usr/local/arm-elf/lib/libc.a
LOAD /usr/local/lib/gcc-lib/arm-elf/2.95.3/libgcc.a
LOAD /usr/local/lib/gcc-lib/arm-elf/2.95.3/crtend.o

.text           0x00000000     0x68a0
                0x00000000                _text=.
 *(.stext)
 .stext         0x00000000      0x2d8 head_rom.o
                0x00000000                stext
 *(.text)
 .text          0x000002d8       0x14 /usr/local/arm-elf/lib/crt0.o
                0x000002d8                _start
 .text          0x000002ec      0x270 chap06_1.o
                0x000002ec                Initial_Creator
                0x00000304                main
 .text          0x0000055c       0x6c sbrk.o
                0x0000055c                sbrk
 .text          0x000005c8     0x1100 driver.o
                0x000005c8                IRQ_TIMER0
                0x00000c58                KEYPAD_chk_key
                0x00001228                IICReadAIC
                0x000015e8                RTC_get_time
                0x00000afc                Initial_KEYPAD
                0x000014d8                _7SEG_put_led
                0x00000cd8                Creator_key2num
                0x00001100                IICWriteAIC
                0x0000093c                Initial_TIMER0
                0x00000d90                IICWriteRTC
                0x00000eb8                IICReadRTC
                0x00001480                Initial_7SEG
                0x00000bb0                KEYPAD_get_key
                0x00000a38                Delay
                0x00000d5c                IICSetup
                0x00000a28                OptimizationDelay
                0x0000152c                RTC_set_time
 .text          0x000016c8      0xb8c lcd.o
                0x00001ce8                LCD_putchar
                0x000016d8                ReadLCD
                0x00001bf4                LCD_displ
                0x00001918                LCD_Cursor
                0x00001b3c                LCD_scroll
                0x00001a50                LCD_ClearScreen
                0x00001e44                LCD_CursorMode
                0x000017c4                WriteLCD
                0x00001f38                LCD_SetCursor
                0x000020a4                InitialLCD
                0x000021b4                Initial_LCD
                0x00001a0c                LCD_PutRAMData
                0x000018a8                LCD_printf
                0x00001ac8                LCD_ClearOneLine
                0x00001840                LCD_ClearViewArea
                0x0000202c                LCD_DrawFullImage
                0x00001e80                LCD_EnableCursor
                0x00001ef0                LCD_GetCursor
 .text          0x00002254       0xfc /usr/local/lib/gcc-lib/arm-elf/2.95.3/libgcc.a(__main.o)
                0x00002320                __gccmain
                0x00002254                __do_global_dtors
                0x000022a4                __do_global_ctors
 .text          0x00002350       0xb0 /usr/local/lib/gcc-lib/arm-elf/2.95.3/libgcc.a(_divsi3.o)
                0x00002350                __divsi3
 .text          0x00002400        0x4 /usr/local/lib/gcc-lib/arm-elf/2.95.3/libgcc.a(_dvmd_tls.o)
                0x00002400                __div0
 .text          0x00002404       0x60 /usr/local/arm-elf/lib/libc.a(__uClibc_main.o)
                0x00002404                __uClibc_main
 .text          0x00002464       0x24 /usr/local/arm-elf/lib/libc.a(vsprintf.o)
                0x00002464                vsprintf
 .text          0x00002488       0x40 /usr/local/arm-elf/lib/libc.a(vsnprintf.o)
                0x00002488                vsnprintf
 .text          0x000024c8      0x63c /usr/local/arm-elf/lib/libc.a(vfnprintf.o)
                0x000024c8                vfnprintf
 .text          0x00002b04       0xdc /usr/local/arm-elf/lib/libc.a(atexit.o)
                0x00002b68                atexit
 .text          0x00002be0       0x38 /usr/local/arm-elf/lib/libc.a(exit.o)
                0x00002be0                exit
 .text          0x00002c18       0x18 /usr/local/arm-elf/lib/libc.a(errno.o)
                0x00002c18                __errno_location
 .text          0x00002c30       0x34 /usr/local/arm-elf/lib/libc.a(_exit.o)
                0x00002c30                _exit
 .text          0x00002c64       0x84 /usr/local/arm-elf/lib/libc.a(ultostr.o)
                0x00002c64                __ultostr
 .text          0x00002ce8       0x44 /usr/local/arm-elf/lib/libc.a(ltostr.o)
                0x00002ce8                __ltostr
 .text          0x00002d2c      0x704 /usr/local/arm-elf/lib/libc.a(dtostr.o)
                0x00002d2c                __dtostr
 .text          0x00003430       0x44 /usr/local/arm-elf/lib/libc.a(_stdio_init.o)
                0x00003448                __init_stdio
                0x00003430                __stdio_close_all
 .text          0x00003474       0x18 /usr/local/arm-elf/lib/libc.a(ferror.o)
                0x00003474                ferror
 .text          0x0000348c       0xac /usr/local/arm-elf/lib/libc.a(fflush.o)
                0x0000348c                fflush
 .text          0x00003538       0x3c /usr/local/arm-elf/lib/libc.a(fputc.o)
                0x00003538                fputc
 .text          0x00003574      0x1b0 /usr/local/arm-elf/lib/libc.a(_uClibc_fwrite.o)
                0x00003574                _uClibc_fwrite
 .text          0x00003724       0x24 /usr/local/arm-elf/lib/libc.a(sprintf.o)
                0x00003724                sprintf
 .text          0x00003748       0x20 /usr/local/arm-elf/lib/libc.a(fnprintf.o)
                0x00003748                fnprintf
 .text          0x00003768       0x28 /usr/local/arm-elf/lib/libc.a(isatty.o)
                0x00003768                isatty
 .text          0x00003790       0x78 /usr/local/arm-elf/lib/libc.a(tcgetattr.o)
                0x00003790                tcgetattr
 .text          0x00003808       0x4c /usr/local/arm-elf/lib/libc.a(write.o)
                0x00003808                __write
                0x00003808                write
 .text          0x00003854       0x68 /usr/local/arm-elf/lib/libc.a(_ioctl.o)
                0x000038a0                ioctl
                0x00003854                _ioctl
 .text          0x000038bc       0xd4 /usr/local/arm-elf/lib/libc.a(fseek.o)
                0x000038bc                fseek
 .text          0x00003990       0x38 /usr/local/arm-elf/lib/libc.a(memset.o)
                0x00003990                memset
 .text          0x000039c8       0x3c /usr/local/arm-elf/lib/libc.a(mempcpy.o)
                0x000039c8                mempcpy
                0x000039c8                __mempcpy
 .text          0x00003a04       0x4c /usr/local/arm-elf/lib/libc.a(lseek.o)
                0x00003a04                lseek
 .text          0x00003a50       0x98 /usr/local/lib/gcc-lib/arm-elf/2.95.3/libgcc.a(_udivsi3.o)
                0x00003a50                __udivsi3
 .text          0x00003ae8       0xb4 /usr/local/lib/gcc-lib/arm-elf/2.95.3/libgcc.a(_umodsi3.o)
                0x00003ae8                __umodsi3
 .text          0x00003b9c     0x150c /usr/local/lib/gcc-lib/arm-elf/2.95.3/libgcc.a(dp-bit.o)
                0x00004b64                __cmpdf2
                0x00004bb4                __eqdf2
                0x00004c94                __gtdf2
                0x0000500c                __make_dp
                0x00004e54                __floatsidf
                0x00004d74                __ltdf2
                0x00003d84                __unpack_d
                0x000041d4                __adddf3
                0x00004f1c                __fixdfsi
                0x00004de4                __ledf2
                0x000049f8                __fpcmp_parts_d
                0x00004fc4                __negdf2
                0x00004784                __divdf3
                0x00004290                __muldf3
                0x00005048                __truncdfsf2
                0x00004c24                __nedf2
                0x00004d04                __gedf2
                0x0000422c                __subdf3
                0x00003b9c                __pack_d
 .text          0x000050a8      0xd20 /usr/local/lib/gcc-lib/arm-elf/2.95.3/libgcc.a(fp-bit.o)
                0x000056a8                __divsf3
                0x00005c6c                __fixsfsi
                0x00005d50                __make_fp
                0x000054b8                __subsf3
                0x00005b68                __lesf2
                0x00005d7c                __extendsfdf2
                0x000059c8                __nesf2
                0x000051a8                __unpack_f
                0x00005a30                __gtsf2
                0x000050a8                __pack_f
                0x00005bd0                __floatsisf
                0x00005960                __eqsf2
                0x00005d0c                __negsf2
                0x00005918                __cmpsf2
                0x00005b00                __ltsf2
                0x00005514                __mulsf3
                0x00005a98                __gesf2
                0x000057f4                __fpcmp_parts_f
                0x00005468                __addsf3
 .text          0x00005dc8       0x40 /usr/local/lib/gcc-lib/arm-elf/2.95.3/libgcc.a(_lshrdi3.o)
                0x00005dc8                __lshrdi3
 *(.rodata)
 .rodata        0x00005e08       0x12 chap06_1.o
                0x00005e08                LED_tb2
 .rodata        0x00005e1a       0x12 driver.o
                0x00005e1a                LED_tbl
 .rodata        0x00005e2c      0xa00 lcd.o
 .rodata        0x0000682c       0x37 /usr/local/arm-elf/lib/libc.a(vfnprintf.o)
 *fill*         0x00006863        0x1
 .rodata        0x00006864       0x39 /usr/local/arm-elf/lib/libc.a(dtostr.o)
 *fill*         0x0000689d        0x3
                0x000068a0                .=ALIGN(0x4)
                0x000068a0                _etext=.

.glue_7t        0x000068a0        0x0

.glue_7         0x000068a0        0x0

.data           0x000068a0       0xf0
                0x000068a0                _sdata=.
 *(.data)
 .data          0x000068a0       0x2a driver.o
                0x000068aa                key2num_tbl
                0x000068a8                scan_led
                0x000068a0                tbl_7seg_com
 *fill*         0x000068ca        0x2
 .data          0x000068cc        0x8 /usr/local/lib/gcc-lib/arm-elf/2.95.3/libgcc.a(__main.o)
                0x000068d0                _exit_dummy_ref
 .data          0x000068d4       0x10 /usr/local/lib/gcc-lib/arm-elf/2.95.3/libgcc.a(_ctors.o)
                0x000068d4                __CTOR_LIST__
                0x000068dc                __DTOR_LIST__
 .data          0x000068e4        0x4 /usr/local/lib/gcc-lib/arm-elf/2.95.3/libgcc.a(_exit.o)
                0x000068e4                _exit_dummy_decl
 .data          0x000068e8        0x8 /usr/local/arm-elf/lib/libc.a(__uClibc_main.o)
                0x000068ec                __environ
                0x000068ec                environ
                0x000068e8                __uClibc_cleanup
 .data          0x000068f0        0x4 /usr/local/arm-elf/lib/libc.a(atexit.o)
 .data          0x000068f4        0x4 /usr/local/arm-elf/lib/libc.a(errno.o)
                0x000068f4                errno
 .data          0x000068f8       0x20 /usr/local/arm-elf/lib/libc.a(dtostr.o)
 .data          0x00006918       0x75 /usr/local/arm-elf/lib/libc.a(_stdio_init.o)
                0x0000697c                stdout
                0x0000698c                _free_buffer_index
                0x00006918                _stdio_streams
                0x00006988                _free_file_list
                0x00006978                stdin
                0x00006980                stderr
                0x00006984                __IO_list
 *fill*         0x0000698d        0x3
                0x00006990                .=ALIGN(0x4)
                0x00006990                _edata=.

.dtors          0x00006990        0x8
 .dtors         0x00006990        0x4 /usr/local/lib/gcc-lib/arm-elf/2.95.3/crtbegin.o
 .dtors         0x00006994        0x4 /usr/local/lib/gcc-lib/arm-elf/2.95.3/crtend.o

.ctors          0x00006998        0x8
 .ctors         0x00006998        0x4 /usr/local/lib/gcc-lib/arm-elf/2.95.3/crtbegin.o
 .ctors         0x0000699c        0x4 /usr/local/lib/gcc-lib/arm-elf/2.95.3/crtend.o

.bss            0x000069a0      0x590
                0x000069a0                _sbss=.
 *(.bss)
 .bss           0x000069a0        0x4 sbrk.o
 .bss           0x000069a4       0x24 lcd.o
 .bss           0x000069c8       0x70 head_rom.o
                0x000069fc                pISR_U1TINT
                0x000069e0                pISR_FIQ
                0x000069d8                pISR_Reserved
                0x000069d4                pISR_Dabort
                0x000069ec                pISR_EXT2
                0x000069dc                pISR_IRQ
                0x000069f8                pISR_U0RERR
                0x00006a08                pISR_GDMA1
                0x000069d0                pISR_Pabort
                0x000069e4                pISR_EXT0
                0x00006a00                pISR_U1RERR
                0x000069c8                pISR_Undef
                0x000069f4                pISR_U0TINT
                0x000069cc                pISR_SWI
                0x00006a04                pISR_GDMA0
                0x00006a0c                pISR_TIMER0
 .bss           0x00006a38        0x4 /usr/local/lib/gcc-lib/arm-elf/2.95.3/libgcc.a(__main.o)
 .bss           0x00006a3c       0x50 /usr/local/arm-elf/lib/libc.a(atexit.o)
 .bss           0x00006a8c       0x14 /usr/local/lib/gcc-lib/arm-elf/2.95.3/libgcc.a(dp-bit.o)
 .bss           0x00006aa0       0x10 /usr/local/lib/gcc-lib/arm-elf/2.95.3/libgcc.a(fp-bit.o)
 *(COMMON)
 COMMON         0x00006ab0        0xc chap06_1.o
                                  0x0 (size before relaxing)
                0x00006ab0                io_reg2
                0x00006ab4                i
                0x00006ab8                io_reg1
 *fill*         0x00006abc        0x4
 COMMON         0x00006ac0       0x68 driver.o
                                  0x0 (size before relaxing)
                0x00006ac0                scan_key_in_idx
                0x00006ad0                scan_key_buf
                0x00006af0                cpld_ctrl
                0x00006af4                scan_key_out_idx
                0x00006af8                tick_sec
                0x00006afc                key_assigned
                0x00006b00                seven_seg_idx
                0x00006b04                seven_seg_buf
                0x00006b08                tick_on
                0x00006b0c                tick_min
                0x00006b10                scan_idx
                0x00006b14                last_scan_key
                0x00006b18                io_reg0
                0x00006b1c                tick_hour
                0x00006b20                tick_ms
                0x00006b24                scan_key
 *fill*         0x00006b28        0x8
 COMMON         0x00006b30      0x400 /usr/local/arm-elf/lib/libc.a(_stdio_init.o)
                                  0x0 (size before relaxing)
                0x00006b30                _fixed_buffers
                0x00006f30                .=ALIGN(0x4)
                0x00006f30                _ebss=.
                0x00006f30                _end=.

.stack          0x01000000        0x0
                0x01000000                _USR_STACK=.
                0x00fff000                _IRQ_STACK=(.-0x1000)
                0x00fff000                _FIQ_STACK=(.-0x1000)
                0x00fff000                __stack_limit=(.-0x1000)
OUTPUT(chap06_1_rom.axf elf32-littlearm)

.debug_abbrev   0x01000000      0x6ba
 .debug_abbrev  0x01000000      0x141 chap06_1.o
 .debug_abbrev  0x01000141      0x10a sbrk.o
 .debug_abbrev  0x0100024b      0x16c driver.o
 .debug_abbrev  0x010003b7      0x1c9 lcd.o
 .debug_abbrev  0x01000580       0x21 /usr/local/lib/gcc-lib/arm-elf/2.95.3/libgcc.a(__main.o)
 .debug_abbrev  0x010005a1        0xe /usr/local/lib/gcc-lib/arm-elf/2.95.3/libgcc.a(_ctors.o)
 .debug_abbrev  0x010005af        0xe /usr/local/lib/gcc-lib/arm-elf/2.95.3/libgcc.a(_exit.o)
 .debug_abbrev  0x010005bd       0x6e /usr/local/lib/gcc-lib/arm-elf/2.95.3/libgcc.a(dp-bit.o)
 .debug_abbrev  0x0100062b       0x6e /usr/local/lib/gcc-lib/arm-elf/2.95.3/libgcc.a(fp-bit.o)
 .debug_abbrev  0x01000699       0x21 /usr/local/lib/gcc-lib/arm-elf/2.95.3/libgcc.a(_lshrdi3.o)

.debug_info     0x010006ba     0x4bb3
 .debug_info    0x010006ba     0x101d chap06_1.o
 .debug_info    0x010016d7      0xdda sbrk.o
 .debug_info    0x010024b1      0x835 driver.o
 .debug_info    0x01002ce6     0x15c7 lcd.o
 .debug_info    0x010042ad      0x11b /usr/local/lib/gcc-lib/arm-elf/2.95.3/libgcc.a(__main.o)
 .debug_info    0x010043c8       0xbf /usr/local/lib/gcc-lib/arm-elf/2.95.3/libgcc.a(_ctors.o)
 .debug_info    0x01004487       0xbf /usr/local/lib/gcc-lib/arm-elf/2.95.3/libgcc.a(_exit.o)
 .debug_info    0x01004546      0x627 /usr/local/lib/gcc-lib/arm-elf/2.95.3/libgcc.a(dp-bit.o)
 .debug_info    0x01004b6d      0x628 /usr/local/lib/gcc-lib/arm-elf/2.95.3/libgcc.a(fp-bit.o)
 .debug_info    0x01005195       0xd8 /usr/local/lib/gcc-lib/arm-elf/2.95.3/libgcc.a(_lshrdi3.o)

.debug_line     0x0100526d     0x1984
 .debug_line    0x0100526d      0x576 chap06_1.o
 .debug_line    0x010057e3      0x3b3 sbrk.o
 .debug_line    0x01005b96      0x6f7 driver.o
 .debug_line    0x0100628d      0x964 lcd.o

.debug_pubnames
                0x01006bf1      0x6b4
 .debug_pubnames
                0x01006bf1       0x59 chap06_1.o
 .debug_pubnames
                0x01006c4a       0x1b sbrk.o
 .debug_pubnames
                0x01006c65      0x260 driver.o
 .debug_pubnames
                0x01006ec5      0x149 lcd.o
 .debug_pubnames
                0x0100700e       0x4c /usr/local/lib/gcc-lib/arm-elf/2.95.3/libgcc.a(__main.o)
 .debug_pubnames
                0x0100705a      0x115 /usr/local/lib/gcc-lib/arm-elf/2.95.3/libgcc.a(dp-bit.o)
 .debug_pubnames
                0x0100716f      0x116 /usr/local/lib/gcc-lib/arm-elf/2.95.3/libgcc.a(fp-bit.o)
 .debug_pubnames
                0x01007285       0x20 /usr/local/lib/gcc-lib/arm-elf/2.95.3/libgcc.a(_lshrdi3.o)

.debug_aranges  0x010072a5      0x100
 .debug_aranges
                0x010072a5       0x20 chap06_1.o
 .debug_aranges
                0x010072c5       0x20 sbrk.o
 .debug_aranges
                0x010072e5       0x20 driver.o
 .debug_aranges
                0x01007305       0x20 lcd.o
 .debug_aranges
                0x01007325       0x20 /usr/local/lib/gcc-lib/arm-elf/2.95.3/libgcc.a(__main.o)
 .debug_aranges
                0x01007345       0x20 /usr/local/lib/gcc-lib/arm-elf/2.95.3/libgcc.a(dp-bit.o)
 .debug_aranges
                0x01007365       0x20 /usr/local/lib/gcc-lib/arm-elf/2.95.3/libgcc.a(fp-bit.o)
 .debug_aranges
                0x01007385       0x20 /usr/local/lib/gcc-lib/arm-elf/2.95.3/libgcc.a(_lshrdi3.o)
