Archive member included       because of file (symbol)

/usr/local/lib/gcc-lib/arm-elf/2.95.3/libgcc.a(__main.o)
                              chap07.o (__gccmain)
/usr/local/lib/gcc-lib/arm-elf/2.95.3/libgcc.a(_ctors.o)
                              /usr/local/lib/gcc-lib/arm-elf/2.95.3/libgcc.a(__main.o) (__CTOR_LIST__)
/usr/local/lib/gcc-lib/arm-elf/2.95.3/libgcc.a(_divsi3.o)
                              lcd.o (__divsi3)
/usr/local/lib/gcc-lib/arm-elf/2.95.3/libgcc.a(_dvmd_tls.o)
                              /usr/local/lib/gcc-lib/arm-elf/2.95.3/libgcc.a(_divsi3.o) (__div0)
/usr/local/lib/gcc-lib/arm-elf/2.95.3/libgcc.a(_exit.o)
                              /usr/local/lib/gcc-lib/arm-elf/2.95.3/libgcc.a(__main.o) (_exit_dummy_decl)
/usr/local/arm-elf/lib/libc.a(__uClibc_main.o)
                              /usr/local/arm-elf/lib/crt0.o (__uClibc_main)
/usr/local/arm-elf/lib/libc.a(vsprintf.o)
                              lcd.o (vsprintf)
/usr/local/arm-elf/lib/libc.a(vsnprintf.o)
                              /usr/local/arm-elf/lib/libc.a(vsprintf.o) (vsnprintf)
/usr/local/arm-elf/lib/libc.a(vfnprintf.o)
                              /usr/local/arm-elf/lib/libc.a(vsnprintf.o) (vfnprintf)
/usr/local/arm-elf/lib/libc.a(atexit.o)
                              /usr/local/lib/gcc-lib/arm-elf/2.95.3/libgcc.a(__main.o) (atexit)
/usr/local/arm-elf/lib/libc.a(exit.o)
                              /usr/local/arm-elf/lib/libc.a(__uClibc_main.o) (exit)
/usr/local/arm-elf/lib/libc.a(errno.o)
                              /usr/local/arm-elf/lib/libc.a(__uClibc_main.o) (__errno_location)
/usr/local/arm-elf/lib/libc.a(_exit.o)
                              /usr/local/arm-elf/lib/libc.a(exit.o) (_exit)
/usr/local/arm-elf/lib/libc.a(ultostr.o)
                              /usr/local/arm-elf/lib/libc.a(vfnprintf.o) (__ultostr)
/usr/local/arm-elf/lib/libc.a(ltostr.o)
                              /usr/local/arm-elf/lib/libc.a(vfnprintf.o) (__ltostr)
/usr/local/arm-elf/lib/libc.a(dtostr.o)
                              /usr/local/arm-elf/lib/libc.a(vfnprintf.o) (__dtostr)
/usr/local/arm-elf/lib/libc.a(_stdio_init.o)
                              /usr/local/arm-elf/lib/libc.a(atexit.o) (__stdio_close_all)
/usr/local/arm-elf/lib/libc.a(ferror.o)
                              /usr/local/arm-elf/lib/libc.a(vfnprintf.o) (ferror)
/usr/local/arm-elf/lib/libc.a(fflush.o)
                              /usr/local/arm-elf/lib/libc.a(vfnprintf.o) (fflush)
/usr/local/arm-elf/lib/libc.a(fputc.o)
                              /usr/local/arm-elf/lib/libc.a(vfnprintf.o) (fputc)
/usr/local/arm-elf/lib/libc.a(_uClibc_fwrite.o)
                              /usr/local/arm-elf/lib/libc.a(fflush.o) (_uClibc_fwrite)
/usr/local/arm-elf/lib/libc.a(sprintf.o)
                              /usr/local/arm-elf/lib/libc.a(dtostr.o) (sprintf)
/usr/local/arm-elf/lib/libc.a(fnprintf.o)
                              /usr/local/arm-elf/lib/libc.a(dtostr.o) (fnprintf)
/usr/local/arm-elf/lib/libc.a(isatty.o)
                              /usr/local/arm-elf/lib/libc.a(_stdio_init.o) (isatty)
/usr/local/arm-elf/lib/libc.a(tcgetattr.o)
                              /usr/local/arm-elf/lib/libc.a(isatty.o) (tcgetattr)
/usr/local/arm-elf/lib/libc.a(write.o)
                              /usr/local/arm-elf/lib/libc.a(_uClibc_fwrite.o) (write)
/usr/local/arm-elf/lib/libc.a(_ioctl.o)
                              /usr/local/arm-elf/lib/libc.a(tcgetattr.o) (ioctl)
/usr/local/arm-elf/lib/libc.a(fseek.o)
                              /usr/local/arm-elf/lib/libc.a(_uClibc_fwrite.o) (fseek)
/usr/local/arm-elf/lib/libc.a(memset.o)
                              /usr/local/arm-elf/lib/libc.a(tcgetattr.o) (memset)
/usr/local/arm-elf/lib/libc.a(mempcpy.o)
                              /usr/local/arm-elf/lib/libc.a(tcgetattr.o) (mempcpy)
/usr/local/arm-elf/lib/libc.a(lseek.o)
                              /usr/local/arm-elf/lib/libc.a(fseek.o) (lseek)
/usr/local/lib/gcc-lib/arm-elf/2.95.3/libgcc.a(_udivsi3.o)
                              /usr/local/arm-elf/lib/libc.a(ultostr.o) (__udivsi3)
/usr/local/lib/gcc-lib/arm-elf/2.95.3/libgcc.a(_umodsi3.o)
                              /usr/local/arm-elf/lib/libc.a(ultostr.o) (__umodsi3)
/usr/local/lib/gcc-lib/arm-elf/2.95.3/libgcc.a(dp-bit.o)
                              /usr/local/arm-elf/lib/libc.a(dtostr.o) (__subdf3)
/usr/local/lib/gcc-lib/arm-elf/2.95.3/libgcc.a(fp-bit.o)
                              /usr/local/lib/gcc-lib/arm-elf/2.95.3/libgcc.a(dp-bit.o) (__make_fp)
/usr/local/lib/gcc-lib/arm-elf/2.95.3/libgcc.a(_lshrdi3.o)
                              /usr/local/lib/gcc-lib/arm-elf/2.95.3/libgcc.a(dp-bit.o) (__lshrdi3)

Allocating common symbols
Common symbol       size              file

scan_key_in_idx     0x4               driver.o
scan_key_buf        0x20              driver.o
cpld_ctrl           0x4               chap07.o
scan_key_out_idx    0x4               driver.o
tick_sec            0x4               driver.o
key_assigned        0x4               driver.o
ms                  0x4               driver.o
io_reg2             0x4               chap07.o
_fixed_buffers      0x400             /usr/local/arm-elf/lib/libc.a(_stdio_init.o)
seven_seg_idx       0x4               driver.o
seven_seg_buf       0x4               driver.o
col                 0x4               chap07.o
tick_on             0x4               driver.o
min                 0x4               driver.o
tick_min            0x4               driver.o
sec                 0x4               driver.o
scan_idx            0x4               driver.o
last_scan_key       0x4               driver.o
new_row             0x4               chap07.o
io_reg0             0x4               driver.o
tick_hour           0x4               driver.o
new_col             0x4               chap07.o
tick_ms             0x4               driver.o
scan_key            0x4               driver.o
row                 0x4               chap07.o

Memory Configuration

Name             Origin             Length             Attributes
*default*        0x00000000         0xffffffff

Linker script and memory map

LOAD /usr/local/lib/gcc-lib/arm-elf/2.95.3/crtbegin.o
LOAD /usr/local/arm-elf/lib/crt0.o
LOAD chap07.o
LOAD sbrk.o
LOAD driver.o
LOAD lcd.o
LOAD head_rom.o
LOAD /usr/local/lib/gcc-lib/arm-elf/2.95.3/libgcc.a
LOAD /usr/local/arm-elf/lib/libc.a
LOAD /usr/local/lib/gcc-lib/arm-elf/2.95.3/libgcc.a
LOAD /usr/local/lib/gcc-lib/arm-elf/2.95.3/crtend.o

.text           0x00000000     0x6ba8
                0x00000000                _text=.
 *(.stext)
 .stext         0x00000000      0x2d8 head_rom.o
                0x00000000                stext
 *(.text)
 .text          0x000002d8       0x14 /usr/local/arm-elf/lib/crt0.o
                0x000002d8                _start
 .text          0x000002ec      0x904 chap07.o
                0x00000514                draw_line
                0x000002ec                Initial_Creator
                0x00000364                Initial_Creator_Keypad
                0x00000498                WriteLCD
                0x00000558                main
                0x0000037c                Keypad
 .text          0x00000bf0       0x6c sbrk.o
                0x00000bf0                sbrk
 .text          0x00000c5c      0xdfc driver.o
                0x00000c5c                IRQ_TIMER0
                0x00000fe8                KEYPAD_chk_key
                0x000015b8                IICReadAIC
                0x00001978                RTC_get_time
                0x00000e8c                Initial_KEYPAD
                0x00001868                _7SEG_put_led
                0x00001068                Creator_key2num
                0x00001490                IICWriteAIC
                0x00000d2c                Initial_TIMER0
                0x00001120                IICWriteRTC
                0x00001248                IICReadRTC
                0x00001810                Initial_7SEG
                0x00000f40                KEYPAD_get_key
                0x00000dc8                Delay
                0x000010ec                IICSetup
                0x00000db8                OptimizationDelay
                0x000018bc                RTC_set_time
 .text          0x00001a58      0xb10 lcd.o
                0x00001ffc                LCD_putchar
                0x00001a68                ReadLCD
                0x00001f08                LCD_displ
                0x00001c2c                LCD_Cursor
                0x00001e50                LCD_scroll
                0x00001d64                LCD_ClearScreen
                0x00002158                LCD_CursorMode
                0x0000224c                LCD_SetCursor
                0x000023b8                InitialLCD
                0x000024c8                Initial_LCD
                0x00001d20                LCD_PutRAMData
                0x00001bbc                LCD_printf
                0x00001ddc                LCD_ClearOneLine
                0x00001b54                LCD_ClearViewArea
                0x00002340                LCD_DrawFullImage
                0x00002194                LCD_EnableCursor
                0x00002204                LCD_GetCursor
 .text          0x00002568       0xfc /usr/local/lib/gcc-lib/arm-elf/2.95.3/libgcc.a(__main.o)
                0x00002634                __gccmain
                0x00002568                __do_global_dtors
                0x000025b8                __do_global_ctors
 .text          0x00002664       0xb0 /usr/local/lib/gcc-lib/arm-elf/2.95.3/libgcc.a(_divsi3.o)
                0x00002664                __divsi3
 .text          0x00002714        0x4 /usr/local/lib/gcc-lib/arm-elf/2.95.3/libgcc.a(_dvmd_tls.o)
                0x00002714                __div0
 .text          0x00002718       0x60 /usr/local/arm-elf/lib/libc.a(__uClibc_main.o)
                0x00002718                __uClibc_main
 .text          0x00002778       0x24 /usr/local/arm-elf/lib/libc.a(vsprintf.o)
                0x00002778                vsprintf
 .text          0x0000279c       0x40 /usr/local/arm-elf/lib/libc.a(vsnprintf.o)
                0x0000279c                vsnprintf
 .text          0x000027dc      0x63c /usr/local/arm-elf/lib/libc.a(vfnprintf.o)
                0x000027dc                vfnprintf
 .text          0x00002e18       0xdc /usr/local/arm-elf/lib/libc.a(atexit.o)
                0x00002e7c                atexit
 .text          0x00002ef4       0x38 /usr/local/arm-elf/lib/libc.a(exit.o)
                0x00002ef4                exit
 .text          0x00002f2c       0x18 /usr/local/arm-elf/lib/libc.a(errno.o)
                0x00002f2c                __errno_location
 .text          0x00002f44       0x34 /usr/local/arm-elf/lib/libc.a(_exit.o)
                0x00002f44                _exit
 .text          0x00002f78       0x84 /usr/local/arm-elf/lib/libc.a(ultostr.o)
                0x00002f78                __ultostr
 .text          0x00002ffc       0x44 /usr/local/arm-elf/lib/libc.a(ltostr.o)
                0x00002ffc                __ltostr
 .text          0x00003040      0x704 /usr/local/arm-elf/lib/libc.a(dtostr.o)
                0x00003040                __dtostr
 .text          0x00003744       0x44 /usr/local/arm-elf/lib/libc.a(_stdio_init.o)
                0x0000375c                __init_stdio
                0x00003744                __stdio_close_all
 .text          0x00003788       0x18 /usr/local/arm-elf/lib/libc.a(ferror.o)
                0x00003788                ferror
 .text          0x000037a0       0xac /usr/local/arm-elf/lib/libc.a(fflush.o)
                0x000037a0                fflush
 .text          0x0000384c       0x3c /usr/local/arm-elf/lib/libc.a(fputc.o)
                0x0000384c                fputc
 .text          0x00003888      0x1b0 /usr/local/arm-elf/lib/libc.a(_uClibc_fwrite.o)
                0x00003888                _uClibc_fwrite
 .text          0x00003a38       0x24 /usr/local/arm-elf/lib/libc.a(sprintf.o)
                0x00003a38                sprintf
 .text          0x00003a5c       0x20 /usr/local/arm-elf/lib/libc.a(fnprintf.o)
                0x00003a5c                fnprintf
 .text          0x00003a7c       0x28 /usr/local/arm-elf/lib/libc.a(isatty.o)
                0x00003a7c                isatty
 .text          0x00003aa4       0x78 /usr/local/arm-elf/lib/libc.a(tcgetattr.o)
                0x00003aa4                tcgetattr
 .text          0x00003b1c       0x4c /usr/local/arm-elf/lib/libc.a(write.o)
                0x00003b1c                __write
                0x00003b1c                write
 .text          0x00003b68       0x68 /usr/local/arm-elf/lib/libc.a(_ioctl.o)
                0x00003bb4                ioctl
                0x00003b68                _ioctl
 .text          0x00003bd0       0xd4 /usr/local/arm-elf/lib/libc.a(fseek.o)
                0x00003bd0                fseek
 .text          0x00003ca4       0x38 /usr/local/arm-elf/lib/libc.a(memset.o)
                0x00003ca4                memset
 .text          0x00003cdc       0x3c /usr/local/arm-elf/lib/libc.a(mempcpy.o)
                0x00003cdc                mempcpy
                0x00003cdc                __mempcpy
 .text          0x00003d18       0x4c /usr/local/arm-elf/lib/libc.a(lseek.o)
                0x00003d18                lseek
 .text          0x00003d64       0x98 /usr/local/lib/gcc-lib/arm-elf/2.95.3/libgcc.a(_udivsi3.o)
                0x00003d64                __udivsi3
 .text          0x00003dfc       0xb4 /usr/local/lib/gcc-lib/arm-elf/2.95.3/libgcc.a(_umodsi3.o)
                0x00003dfc                __umodsi3
 .text          0x00003eb0     0x150c /usr/local/lib/gcc-lib/arm-elf/2.95.3/libgcc.a(dp-bit.o)
                0x00004e78                __cmpdf2
                0x00004ec8                __eqdf2
                0x00004fa8                __gtdf2
                0x00005320                __make_dp
                0x00005168                __floatsidf
                0x00005088                __ltdf2
                0x00004098                __unpack_d
                0x000044e8                __adddf3
                0x00005230                __fixdfsi
                0x000050f8                __ledf2
                0x00004d0c                __fpcmp_parts_d
                0x000052d8                __negdf2
                0x00004a98                __divdf3
                0x000045a4                __muldf3
                0x0000535c                __truncdfsf2
                0x00004f38                __nedf2
                0x00005018                __gedf2
                0x00004540                __subdf3
                0x00003eb0                __pack_d
 .text          0x000053bc      0xd20 /usr/local/lib/gcc-lib/arm-elf/2.95.3/libgcc.a(fp-bit.o)
                0x000059bc                __divsf3
                0x00005f80                __fixsfsi
                0x00006064                __make_fp
                0x000057cc                __subsf3
                0x00005e7c                __lesf2
                0x00006090                __extendsfdf2
                0x00005cdc                __nesf2
                0x000054bc                __unpack_f
                0x00005d44                __gtsf2
                0x000053bc                __pack_f
                0x00005ee4                __floatsisf
                0x00005c74                __eqsf2
                0x00006020                __negsf2
                0x00005c2c                __cmpsf2
                0x00005e14                __ltsf2
                0x00005828                __mulsf3
                0x00005dac                __gesf2
                0x00005b08                __fpcmp_parts_f
                0x0000577c                __addsf3
 .text          0x000060dc       0x40 /usr/local/lib/gcc-lib/arm-elf/2.95.3/libgcc.a(_lshrdi3.o)
                0x000060dc                __lshrdi3
 *(.rodata)
 .rodata        0x0000611c        0x4 chap07.o
                0x0000611c                Select_Scan
 .rodata        0x00006120       0x12 driver.o
                0x00006120                LED_tbl
 .rodata        0x00006132      0xa00 lcd.o
 *fill*         0x00006b32        0x2
 .rodata        0x00006b34       0x37 /usr/local/arm-elf/lib/libc.a(vfnprintf.o)
 *fill*         0x00006b6b        0x1
 .rodata        0x00006b6c       0x39 /usr/local/arm-elf/lib/libc.a(dtostr.o)
 *fill*         0x00006ba5        0x3
                0x00006ba8                .=ALIGN(0x4)
                0x00006ba8                _etext=.

.glue_7t        0x00006ba8        0x0

.glue_7         0x00006ba8        0x0

.data           0x00006ba8       0xf0
                0x00006ba8                _sdata=.
 *(.data)
 .data          0x00006ba8       0x2a driver.o
                0x00006bb2                key2num_tbl
                0x00006bb0                scan_led
                0x00006ba8                tbl_7seg_com
 *fill*         0x00006bd2        0x2
 .data          0x00006bd4        0x8 /usr/local/lib/gcc-lib/arm-elf/2.95.3/libgcc.a(__main.o)
                0x00006bd8                _exit_dummy_ref
 .data          0x00006bdc       0x10 /usr/local/lib/gcc-lib/arm-elf/2.95.3/libgcc.a(_ctors.o)
                0x00006bdc                __CTOR_LIST__
                0x00006be4                __DTOR_LIST__
 .data          0x00006bec        0x4 /usr/local/lib/gcc-lib/arm-elf/2.95.3/libgcc.a(_exit.o)
                0x00006bec                _exit_dummy_decl
 .data          0x00006bf0        0x8 /usr/local/arm-elf/lib/libc.a(__uClibc_main.o)
                0x00006bf4                __environ
                0x00006bf4                environ
                0x00006bf0                __uClibc_cleanup
 .data          0x00006bf8        0x4 /usr/local/arm-elf/lib/libc.a(atexit.o)
 .data          0x00006bfc        0x4 /usr/local/arm-elf/lib/libc.a(errno.o)
                0x00006bfc                errno
 .data          0x00006c00       0x20 /usr/local/arm-elf/lib/libc.a(dtostr.o)
 .data          0x00006c20       0x75 /usr/local/arm-elf/lib/libc.a(_stdio_init.o)
                0x00006c84                stdout
                0x00006c94                _free_buffer_index
                0x00006c20                _stdio_streams
                0x00006c90                _free_file_list
                0x00006c80                stdin
                0x00006c88                stderr
                0x00006c8c                __IO_list
 *fill*         0x00006c95        0x3
                0x00006c98                .=ALIGN(0x4)
                0x00006c98                _edata=.

.dtors          0x00006c98        0x8
 .dtors         0x00006c98        0x4 /usr/local/lib/gcc-lib/arm-elf/2.95.3/crtbegin.o
 .dtors         0x00006c9c        0x4 /usr/local/lib/gcc-lib/arm-elf/2.95.3/crtend.o

.ctors          0x00006ca0        0x8
 .ctors         0x00006ca0        0x4 /usr/local/lib/gcc-lib/arm-elf/2.95.3/crtbegin.o
 .ctors         0x00006ca4        0x4 /usr/local/lib/gcc-lib/arm-elf/2.95.3/crtend.o

.bss            0x00006cb0      0x5a0
                0x00006cb0                _sbss=.
 *(.bss)
 .bss           0x00006cb0        0x4 sbrk.o
 .bss           0x00006cb4       0x24 lcd.o
 .bss           0x00006cd8       0x70 head_rom.o
                0x00006d0c                pISR_U1TINT
                0x00006cf0                pISR_FIQ
                0x00006ce8                pISR_Reserved
                0x00006ce4                pISR_Dabort
                0x00006cfc                pISR_EXT2
                0x00006cec                pISR_IRQ
                0x00006d08                pISR_U0RERR
                0x00006ce0                pISR_Pabort
                0x00006cf4                pISR_EXT0
                0x00006d10                pISR_U1RERR
                0x00006cd8                pISR_Undef
                0x00006d04                pISR_U0TINT
                0x00006cdc                pISR_SWI
                0x00006d1c                pISR_TIMER0
 .bss           0x00006d48        0x4 /usr/local/lib/gcc-lib/arm-elf/2.95.3/libgcc.a(__main.o)
 .bss           0x00006d4c       0x50 /usr/local/arm-elf/lib/libc.a(atexit.o)
 .bss           0x00006d9c       0x14 /usr/local/lib/gcc-lib/arm-elf/2.95.3/libgcc.a(dp-bit.o)
 .bss           0x00006db0       0x10 /usr/local/lib/gcc-lib/arm-elf/2.95.3/libgcc.a(fp-bit.o)
 *(COMMON)
 COMMON         0x00006dc0       0x18 chap07.o
                                  0x0 (size before relaxing)
                0x00006dc0                cpld_ctrl
                0x00006dc4                io_reg2
                0x00006dc8                col
                0x00006dcc                new_row
                0x00006dd0                new_col
                0x00006dd4                row
 *fill*         0x00006dd8        0x8
 COMMON         0x00006de0       0x70 driver.o
                                  0x0 (size before relaxing)
                0x00006de0                scan_key_in_idx
                0x00006df0                scan_key_buf
                0x00006e10                scan_key_out_idx
                0x00006e14                tick_sec
                0x00006e18                key_assigned
                0x00006e1c                ms
                0x00006e20                seven_seg_idx
                0x00006e24                seven_seg_buf
                0x00006e28                tick_on
                0x00006e2c                min
                0x00006e30                tick_min
                0x00006e34                sec
                0x00006e38                scan_idx
                0x00006e3c                last_scan_key
                0x00006e40                io_reg0
                0x00006e44                tick_hour
                0x00006e48                tick_ms
                0x00006e4c                scan_key
 COMMON         0x00006e50      0x400 /usr/local/arm-elf/lib/libc.a(_stdio_init.o)
                                  0x0 (size before relaxing)
                0x00006e50                _fixed_buffers
                0x00007250                .=ALIGN(0x4)
                0x00007250                _ebss=.
                0x00007250                _end=.

.stack          0x01000000        0x0
                0x01000000                _USR_STACK=.
                0x00fff000                _IRQ_STACK=(.-0x1000)
                0x00fff000                _FIQ_STACK=(.-0x1000)
                0x00fff000                __stack_limit=(.-0x1000)
OUTPUT(chap07_rom.axf elf32-littlearm)

.debug_abbrev   0x01000000      0x6da
 .debug_abbrev  0x01000000      0x170 chap07.o
 .debug_abbrev  0x01000170      0x10a sbrk.o
 .debug_abbrev  0x0100027a      0x16c driver.o
 .debug_abbrev  0x010003e6      0x1ba lcd.o
 .debug_abbrev  0x010005a0       0x21 /usr/local/lib/gcc-lib/arm-elf/2.95.3/libgcc.a(__main.o)
 .debug_abbrev  0x010005c1        0xe /usr/local/lib/gcc-lib/arm-elf/2.95.3/libgcc.a(_ctors.o)
 .debug_abbrev  0x010005cf        0xe /usr/local/lib/gcc-lib/arm-elf/2.95.3/libgcc.a(_exit.o)
 .debug_abbrev  0x010005dd       0x6e /usr/local/lib/gcc-lib/arm-elf/2.95.3/libgcc.a(dp-bit.o)
 .debug_abbrev  0x0100064b       0x6e /usr/local/lib/gcc-lib/arm-elf/2.95.3/libgcc.a(fp-bit.o)
 .debug_abbrev  0x010006b9       0x21 /usr/local/lib/gcc-lib/arm-elf/2.95.3/libgcc.a(_lshrdi3.o)

.debug_info     0x010006da     0x4c30
 .debug_info    0x010006da     0x10bc chap07.o
 .debug_info    0x01001796      0xdd3 sbrk.o
 .debug_info    0x01002569      0x853 driver.o
 .debug_info    0x01002dbc     0x158e lcd.o
 .debug_info    0x0100434a      0x11b /usr/local/lib/gcc-lib/arm-elf/2.95.3/libgcc.a(__main.o)
 .debug_info    0x01004465       0xbf /usr/local/lib/gcc-lib/arm-elf/2.95.3/libgcc.a(_ctors.o)
 .debug_info    0x01004524       0xbf /usr/local/lib/gcc-lib/arm-elf/2.95.3/libgcc.a(_exit.o)
 .debug_info    0x010045e3      0x627 /usr/local/lib/gcc-lib/arm-elf/2.95.3/libgcc.a(dp-bit.o)
 .debug_info    0x01004c0a      0x628 /usr/local/lib/gcc-lib/arm-elf/2.95.3/libgcc.a(fp-bit.o)
 .debug_info    0x01005232       0xd8 /usr/local/lib/gcc-lib/arm-elf/2.95.3/libgcc.a(_lshrdi3.o)

.debug_line     0x0100530a     0x1d39
 .debug_line    0x0100530a      0xa87 chap07.o
 .debug_line    0x01005d91      0x3a8 sbrk.o
 .debug_line    0x01006139      0x60d driver.o
 .debug_line    0x01006746      0x8fd lcd.o

.debug_pubnames
                0x01007043      0x727
 .debug_pubnames
                0x01007043       0xc2 chap07.o
 .debug_pubnames
                0x01007105       0x1b sbrk.o
 .debug_pubnames
                0x01007120      0x277 driver.o
 .debug_pubnames
                0x01007397      0x13c lcd.o
 .debug_pubnames
                0x010074d3       0x4c /usr/local/lib/gcc-lib/arm-elf/2.95.3/libgcc.a(__main.o)
 .debug_pubnames
                0x0100751f      0x115 /usr/local/lib/gcc-lib/arm-elf/2.95.3/libgcc.a(dp-bit.o)
 .debug_pubnames
                0x01007634      0x116 /usr/local/lib/gcc-lib/arm-elf/2.95.3/libgcc.a(fp-bit.o)
 .debug_pubnames
                0x0100774a       0x20 /usr/local/lib/gcc-lib/arm-elf/2.95.3/libgcc.a(_lshrdi3.o)

.debug_aranges  0x0100776a      0x100
 .debug_aranges
                0x0100776a       0x20 chap07.o
 .debug_aranges
                0x0100778a       0x20 sbrk.o
 .debug_aranges
                0x010077aa       0x20 driver.o
 .debug_aranges
                0x010077ca       0x20 lcd.o
 .debug_aranges
                0x010077ea       0x20 /usr/local/lib/gcc-lib/arm-elf/2.95.3/libgcc.a(__main.o)
 .debug_aranges
                0x0100780a       0x20 /usr/local/lib/gcc-lib/arm-elf/2.95.3/libgcc.a(dp-bit.o)
 .debug_aranges
                0x0100782a       0x20 /usr/local/lib/gcc-lib/arm-elf/2.95.3/libgcc.a(fp-bit.o)
 .debug_aranges
                0x0100784a       0x20 /usr/local/lib/gcc-lib/arm-elf/2.95.3/libgcc.a(_lshrdi3.o)
