Archive member included       because of file (symbol)

/usr/local/lib/gcc-lib/arm-elf/2.95.3/libgcc.a(__main.o)
                              chap07.o (__gccmain)
/usr/local/lib/gcc-lib/arm-elf/2.95.3/libgcc.a(_ctors.o)
                              /usr/local/lib/gcc-lib/arm-elf/2.95.3/libgcc.a(__main.o) (__CTOR_LIST__)
/usr/local/lib/gcc-lib/arm-elf/2.95.3/libgcc.a(_divsi3.o)
                              lcd.o (__divsi3)
/usr/local/lib/gcc-lib/arm-elf/2.95.3/libgcc.a(_dvmd_tls.o)
                              /usr/local/lib/gcc-lib/arm-elf/2.95.3/libgcc.a(_divsi3.o) (__div0)
/usr/local/lib/gcc-lib/arm-elf/2.95.3/libgcc.a(_exit.o)
                              /usr/local/lib/gcc-lib/arm-elf/2.95.3/libgcc.a(__main.o) (_exit_dummy_decl)
/usr/local/arm-elf/lib/libc.a(__uClibc_main.o)
                              /usr/local/arm-elf/lib/crt0.o (__uClibc_main)
/usr/local/arm-elf/lib/libc.a(vsprintf.o)
                              lcd.o (vsprintf)
/usr/local/arm-elf/lib/libc.a(vsnprintf.o)
                              /usr/local/arm-elf/lib/libc.a(vsprintf.o) (vsnprintf)
/usr/local/arm-elf/lib/libc.a(vfnprintf.o)
                              /usr/local/arm-elf/lib/libc.a(vsnprintf.o) (vfnprintf)
/usr/local/arm-elf/lib/libc.a(atexit.o)
                              /usr/local/lib/gcc-lib/arm-elf/2.95.3/libgcc.a(__main.o) (atexit)
/usr/local/arm-elf/lib/libc.a(exit.o)
                              /usr/local/arm-elf/lib/libc.a(__uClibc_main.o) (exit)
/usr/local/arm-elf/lib/libc.a(errno.o)
                              /usr/local/arm-elf/lib/libc.a(__uClibc_main.o) (__errno_location)
/usr/local/arm-elf/lib/libc.a(_exit.o)
                              /usr/local/arm-elf/lib/libc.a(exit.o) (_exit)
/usr/local/arm-elf/lib/libc.a(ultostr.o)
                              /usr/local/arm-elf/lib/libc.a(vfnprintf.o) (__ultostr)
/usr/local/arm-elf/lib/libc.a(ltostr.o)
                              /usr/local/arm-elf/lib/libc.a(vfnprintf.o) (__ltostr)
/usr/local/arm-elf/lib/libc.a(dtostr.o)
                              /usr/local/arm-elf/lib/libc.a(vfnprintf.o) (__dtostr)
/usr/local/arm-elf/lib/libc.a(_stdio_init.o)
                              /usr/local/arm-elf/lib/libc.a(atexit.o) (__stdio_close_all)
/usr/local/arm-elf/lib/libc.a(ferror.o)
                              /usr/local/arm-elf/lib/libc.a(vfnprintf.o) (ferror)
/usr/local/arm-elf/lib/libc.a(fflush.o)
                              /usr/local/arm-elf/lib/libc.a(vfnprintf.o) (fflush)
/usr/local/arm-elf/lib/libc.a(fputc.o)
                              /usr/local/arm-elf/lib/libc.a(vfnprintf.o) (fputc)
/usr/local/arm-elf/lib/libc.a(_uClibc_fwrite.o)
                              /usr/local/arm-elf/lib/libc.a(fflush.o) (_uClibc_fwrite)
/usr/local/arm-elf/lib/libc.a(sprintf.o)
                              /usr/local/arm-elf/lib/libc.a(dtostr.o) (sprintf)
/usr/local/arm-elf/lib/libc.a(fnprintf.o)
                              /usr/local/arm-elf/lib/libc.a(dtostr.o) (fnprintf)
/usr/local/arm-elf/lib/libc.a(isatty.o)
                              /usr/local/arm-elf/lib/libc.a(_stdio_init.o) (isatty)
/usr/local/arm-elf/lib/libc.a(tcgetattr.o)
                              /usr/local/arm-elf/lib/libc.a(isatty.o) (tcgetattr)
/usr/local/arm-elf/lib/libc.a(write.o)
                              /usr/local/arm-elf/lib/libc.a(_uClibc_fwrite.o) (write)
/usr/local/arm-elf/lib/libc.a(_ioctl.o)
                              /usr/local/arm-elf/lib/libc.a(tcgetattr.o) (ioctl)
/usr/local/arm-elf/lib/libc.a(fseek.o)
                              /usr/local/arm-elf/lib/libc.a(_uClibc_fwrite.o) (fseek)
/usr/local/arm-elf/lib/libc.a(memset.o)
                              /usr/local/arm-elf/lib/libc.a(tcgetattr.o) (memset)
/usr/local/arm-elf/lib/libc.a(mempcpy.o)
                              /usr/local/arm-elf/lib/libc.a(tcgetattr.o) (mempcpy)
/usr/local/arm-elf/lib/libc.a(lseek.o)
                              /usr/local/arm-elf/lib/libc.a(fseek.o) (lseek)
/usr/local/lib/gcc-lib/arm-elf/2.95.3/libgcc.a(_udivsi3.o)
                              /usr/local/arm-elf/lib/libc.a(ultostr.o) (__udivsi3)
/usr/local/lib/gcc-lib/arm-elf/2.95.3/libgcc.a(_umodsi3.o)
                              /usr/local/arm-elf/lib/libc.a(ultostr.o) (__umodsi3)
/usr/local/lib/gcc-lib/arm-elf/2.95.3/libgcc.a(dp-bit.o)
                              /usr/local/arm-elf/lib/libc.a(dtostr.o) (__subdf3)
/usr/local/lib/gcc-lib/arm-elf/2.95.3/libgcc.a(fp-bit.o)
                              /usr/local/lib/gcc-lib/arm-elf/2.95.3/libgcc.a(dp-bit.o) (__make_fp)
/usr/local/lib/gcc-lib/arm-elf/2.95.3/libgcc.a(_lshrdi3.o)
                              /usr/local/lib/gcc-lib/arm-elf/2.95.3/libgcc.a(dp-bit.o) (__lshrdi3)

Allocating common symbols
Common symbol       size              file

scan_key_in_idx     0x4               driver.o
scan_key_buf        0x20              driver.o
cpld_ctrl           0x4               chap07.o
scan_key_out_idx    0x4               driver.o
tick_sec            0x4               driver.o
key_assigned        0x4               driver.o
io_reg2             0x4               chap07.o
_fixed_buffers      0x400             /usr/local/arm-elf/lib/libc.a(_stdio_init.o)
seven_seg_idx       0x4               driver.o
seven_seg_buf       0x4               driver.o
col                 0x4               chap07.o
tick_on             0x4               driver.o
min                 0x4               driver.o
tick_min            0x4               driver.o
sec                 0x4               driver.o
scan_idx            0x4               driver.o
last_scan_key       0x4               driver.o
new_row             0x4               chap07.o
io_reg0             0x4               driver.o
tick_hour           0x4               driver.o
new_col             0x4               chap07.o
tick_ms             0x4               driver.o
scan_key            0x4               driver.o
row                 0x4               chap07.o

Memory Configuration

Name             Origin             Length             Attributes
*default*        0x00000000         0xffffffff

Linker script and memory map

LOAD /usr/local/lib/gcc-lib/arm-elf/2.95.3/crtbegin.o
LOAD /usr/local/arm-elf/lib/crt0.o
LOAD chap07.o
LOAD sbrk.o
LOAD driver.o
LOAD lcd.o
LOAD head_rom.o
LOAD /usr/local/lib/gcc-lib/arm-elf/2.95.3/libgcc.a
LOAD /usr/local/arm-elf/lib/libc.a
LOAD /usr/local/lib/gcc-lib/arm-elf/2.95.3/libgcc.a
LOAD /usr/local/lib/gcc-lib/arm-elf/2.95.3/crtend.o

.text           0x00000000     0x69fc
                0x00000000                _text=.
 *(.stext)
 .stext         0x00000000      0x2d8 head_rom.o
                0x00000000                stext
 *(.text)
 .text          0x000002d8       0x14 /usr/local/arm-elf/lib/crt0.o
                0x000002d8                _start
 .text          0x000002ec      0x7c8 chap07.o
                0x00000504                draw_line
                0x00000408                Initial_Creator
                0x00000488                WriteLCD
                0x00000548                main
                0x000002ec                Keypad
 .text          0x00000ab4       0x6c sbrk.o
                0x00000ab4                sbrk
 .text          0x00000b20      0xd70 driver.o
                0x00000b20                IRQ_TIMER0
                0x00000e20                KEYPAD_chk_key
                0x000013f0                IICReadAIC
                0x000017b0                RTC_get_time
                0x00000cc4                Initial_KEYPAD
                0x000016a0                _7SEG_put_led
                0x00000ea0                Creator_key2num
                0x000012c8                IICWriteAIC
                0x00000b64                Initial_TIMER0
                0x00000f58                IICWriteRTC
                0x00001080                IICReadRTC
                0x00001648                Initial_7SEG
                0x00000d78                KEYPAD_get_key
                0x00000c00                Delay
                0x00000f24                IICSetup
                0x00000bf0                OptimizationDelay
                0x000016f4                RTC_set_time
 .text          0x00001890      0xb10 lcd.o
                0x00001e34                LCD_putchar
                0x000018a0                ReadLCD
                0x00001d40                LCD_displ
                0x00001a64                LCD_Cursor
                0x00001c88                LCD_scroll
                0x00001b9c                LCD_ClearScreen
                0x00001f90                LCD_CursorMode
                0x00002084                LCD_SetCursor
                0x000021f0                InitialLCD
                0x00002300                Initial_LCD
                0x00001b58                LCD_PutRAMData
                0x000019f4                LCD_printf
                0x00001c14                LCD_ClearOneLine
                0x0000198c                LCD_ClearViewArea
                0x00002178                LCD_DrawFullImage
                0x00001fcc                LCD_EnableCursor
                0x0000203c                LCD_GetCursor
 .text          0x000023a0       0xfc /usr/local/lib/gcc-lib/arm-elf/2.95.3/libgcc.a(__main.o)
                0x0000246c                __gccmain
                0x000023a0                __do_global_dtors
                0x000023f0                __do_global_ctors
 .text          0x0000249c       0xb0 /usr/local/lib/gcc-lib/arm-elf/2.95.3/libgcc.a(_divsi3.o)
                0x0000249c                __divsi3
 .text          0x0000254c        0x4 /usr/local/lib/gcc-lib/arm-elf/2.95.3/libgcc.a(_dvmd_tls.o)
                0x0000254c                __div0
 .text          0x00002550       0x60 /usr/local/arm-elf/lib/libc.a(__uClibc_main.o)
                0x00002550                __uClibc_main
 .text          0x000025b0       0x24 /usr/local/arm-elf/lib/libc.a(vsprintf.o)
                0x000025b0                vsprintf
 .text          0x000025d4       0x40 /usr/local/arm-elf/lib/libc.a(vsnprintf.o)
                0x000025d4                vsnprintf
 .text          0x00002614      0x63c /usr/local/arm-elf/lib/libc.a(vfnprintf.o)
                0x00002614                vfnprintf
 .text          0x00002c50       0xdc /usr/local/arm-elf/lib/libc.a(atexit.o)
                0x00002cb4                atexit
 .text          0x00002d2c       0x38 /usr/local/arm-elf/lib/libc.a(exit.o)
                0x00002d2c                exit
 .text          0x00002d64       0x18 /usr/local/arm-elf/lib/libc.a(errno.o)
                0x00002d64                __errno_location
 .text          0x00002d7c       0x34 /usr/local/arm-elf/lib/libc.a(_exit.o)
                0x00002d7c                _exit
 .text          0x00002db0       0x84 /usr/local/arm-elf/lib/libc.a(ultostr.o)
                0x00002db0                __ultostr
 .text          0x00002e34       0x44 /usr/local/arm-elf/lib/libc.a(ltostr.o)
                0x00002e34                __ltostr
 .text          0x00002e78      0x704 /usr/local/arm-elf/lib/libc.a(dtostr.o)
                0x00002e78                __dtostr
 .text          0x0000357c       0x44 /usr/local/arm-elf/lib/libc.a(_stdio_init.o)
                0x00003594                __init_stdio
                0x0000357c                __stdio_close_all
 .text          0x000035c0       0x18 /usr/local/arm-elf/lib/libc.a(ferror.o)
                0x000035c0                ferror
 .text          0x000035d8       0xac /usr/local/arm-elf/lib/libc.a(fflush.o)
                0x000035d8                fflush
 .text          0x00003684       0x3c /usr/local/arm-elf/lib/libc.a(fputc.o)
                0x00003684                fputc
 .text          0x000036c0      0x1b0 /usr/local/arm-elf/lib/libc.a(_uClibc_fwrite.o)
                0x000036c0                _uClibc_fwrite
 .text          0x00003870       0x24 /usr/local/arm-elf/lib/libc.a(sprintf.o)
                0x00003870                sprintf
 .text          0x00003894       0x20 /usr/local/arm-elf/lib/libc.a(fnprintf.o)
                0x00003894                fnprintf
 .text          0x000038b4       0x28 /usr/local/arm-elf/lib/libc.a(isatty.o)
                0x000038b4                isatty
 .text          0x000038dc       0x78 /usr/local/arm-elf/lib/libc.a(tcgetattr.o)
                0x000038dc                tcgetattr
 .text          0x00003954       0x4c /usr/local/arm-elf/lib/libc.a(write.o)
                0x00003954                __write
                0x00003954                write
 .text          0x000039a0       0x68 /usr/local/arm-elf/lib/libc.a(_ioctl.o)
                0x000039ec                ioctl
                0x000039a0                _ioctl
 .text          0x00003a08       0xd4 /usr/local/arm-elf/lib/libc.a(fseek.o)
                0x00003a08                fseek
 .text          0x00003adc       0x38 /usr/local/arm-elf/lib/libc.a(memset.o)
                0x00003adc                memset
 .text          0x00003b14       0x3c /usr/local/arm-elf/lib/libc.a(mempcpy.o)
                0x00003b14                mempcpy
                0x00003b14                __mempcpy
 .text          0x00003b50       0x4c /usr/local/arm-elf/lib/libc.a(lseek.o)
                0x00003b50                lseek
 .text          0x00003b9c       0x98 /usr/local/lib/gcc-lib/arm-elf/2.95.3/libgcc.a(_udivsi3.o)
                0x00003b9c                __udivsi3
 .text          0x00003c34       0xb4 /usr/local/lib/gcc-lib/arm-elf/2.95.3/libgcc.a(_umodsi3.o)
                0x00003c34                __umodsi3
 .text          0x00003ce8     0x150c /usr/local/lib/gcc-lib/arm-elf/2.95.3/libgcc.a(dp-bit.o)
                0x00004cb0                __cmpdf2
                0x00004d00                __eqdf2
                0x00004de0                __gtdf2
                0x00005158                __make_dp
                0x00004fa0                __floatsidf
                0x00004ec0                __ltdf2
                0x00003ed0                __unpack_d
                0x00004320                __adddf3
                0x00005068                __fixdfsi
                0x00004f30                __ledf2
                0x00004b44                __fpcmp_parts_d
                0x00005110                __negdf2
                0x000048d0                __divdf3
                0x000043dc                __muldf3
                0x00005194                __truncdfsf2
                0x00004d70                __nedf2
                0x00004e50                __gedf2
                0x00004378                __subdf3
                0x00003ce8                __pack_d
 .text          0x000051f4      0xd20 /usr/local/lib/gcc-lib/arm-elf/2.95.3/libgcc.a(fp-bit.o)
                0x000057f4                __divsf3
                0x00005db8                __fixsfsi
                0x00005e9c                __make_fp
                0x00005604                __subsf3
                0x00005cb4                __lesf2
                0x00005ec8                __extendsfdf2
                0x00005b14                __nesf2
                0x000052f4                __unpack_f
                0x00005b7c                __gtsf2
                0x000051f4                __pack_f
                0x00005d1c                __floatsisf
                0x00005aac                __eqsf2
                0x00005e58                __negsf2
                0x00005a64                __cmpsf2
                0x00005c4c                __ltsf2
                0x00005660                __mulsf3
                0x00005be4                __gesf2
                0x00005940                __fpcmp_parts_f
                0x000055b4                __addsf3
 .text          0x00005f14       0x40 /usr/local/lib/gcc-lib/arm-elf/2.95.3/libgcc.a(_lshrdi3.o)
                0x00005f14                __lshrdi3
 *(.rodata)
 .rodata        0x00005f54       0x22 chap07.o
                0x00005f54                Select_Scan
                0x00005f64                LED_tb2
                0x00005f58                pattern
 .rodata        0x00005f76       0x12 driver.o
                0x00005f76                LED_tbl
 .rodata        0x00005f88      0xa00 lcd.o
 .rodata        0x00006988       0x37 /usr/local/arm-elf/lib/libc.a(vfnprintf.o)
 *fill*         0x000069bf        0x1
 .rodata        0x000069c0       0x39 /usr/local/arm-elf/lib/libc.a(dtostr.o)
 *fill*         0x000069f9        0x3
                0x000069fc                .=ALIGN(0x4)
                0x000069fc                _etext=.

.glue_7t        0x000069fc        0x0

.glue_7         0x000069fc        0x0

.data           0x000069fc       0xf0
                0x000069fc                _sdata=.
 *(.data)
 .data          0x000069fc       0x2a driver.o
                0x00006a06                key2num_tbl
                0x00006a04                scan_led
                0x000069fc                tbl_7seg_com
 *fill*         0x00006a26        0x2
 .data          0x00006a28        0x8 /usr/local/lib/gcc-lib/arm-elf/2.95.3/libgcc.a(__main.o)
                0x00006a2c                _exit_dummy_ref
 .data          0x00006a30       0x10 /usr/local/lib/gcc-lib/arm-elf/2.95.3/libgcc.a(_ctors.o)
                0x00006a30                __CTOR_LIST__
                0x00006a38                __DTOR_LIST__
 .data          0x00006a40        0x4 /usr/local/lib/gcc-lib/arm-elf/2.95.3/libgcc.a(_exit.o)
                0x00006a40                _exit_dummy_decl
 .data          0x00006a44        0x8 /usr/local/arm-elf/lib/libc.a(__uClibc_main.o)
                0x00006a48                __environ
                0x00006a48                environ
                0x00006a44                __uClibc_cleanup
 .data          0x00006a4c        0x4 /usr/local/arm-elf/lib/libc.a(atexit.o)
 .data          0x00006a50        0x4 /usr/local/arm-elf/lib/libc.a(errno.o)
                0x00006a50                errno
 .data          0x00006a54       0x20 /usr/local/arm-elf/lib/libc.a(dtostr.o)
 .data          0x00006a74       0x75 /usr/local/arm-elf/lib/libc.a(_stdio_init.o)
                0x00006ad8                stdout
                0x00006ae8                _free_buffer_index
                0x00006a74                _stdio_streams
                0x00006ae4                _free_file_list
                0x00006ad4                stdin
                0x00006adc                stderr
                0x00006ae0                __IO_list
 *fill*         0x00006ae9        0x3
                0x00006aec                .=ALIGN(0x4)
                0x00006aec                _edata=.

.dtors          0x00006aec        0x8
 .dtors         0x00006aec        0x4 /usr/local/lib/gcc-lib/arm-elf/2.95.3/crtbegin.o
 .dtors         0x00006af0        0x4 /usr/local/lib/gcc-lib/arm-elf/2.95.3/crtend.o

.ctors          0x00006af4        0x8
 .ctors         0x00006af4        0x4 /usr/local/lib/gcc-lib/arm-elf/2.95.3/crtbegin.o
 .ctors         0x00006af8        0x4 /usr/local/lib/gcc-lib/arm-elf/2.95.3/crtend.o

.bss            0x00006b00      0x5a0
                0x00006b00                _sbss=.
 *(.bss)
 .bss           0x00006b00        0x4 sbrk.o
 .bss           0x00006b04       0x24 lcd.o
 .bss           0x00006b28       0x70 head_rom.o
                0x00006b5c                pISR_U1TINT
                0x00006b40                pISR_FIQ
                0x00006b38                pISR_Reserved
                0x00006b34                pISR_Dabort
                0x00006b4c                pISR_EXT2
                0x00006b3c                pISR_IRQ
                0x00006b58                pISR_U0RERR
                0x00006b30                pISR_Pabort
                0x00006b44                pISR_EXT0
                0x00006b60                pISR_U1RERR
                0x00006b28                pISR_Undef
                0x00006b54                pISR_U0TINT
                0x00006b2c                pISR_SWI
                0x00006b6c                pISR_TIMER0
 .bss           0x00006b98        0x4 /usr/local/lib/gcc-lib/arm-elf/2.95.3/libgcc.a(__main.o)
 .bss           0x00006b9c       0x50 /usr/local/arm-elf/lib/libc.a(atexit.o)
 .bss           0x00006bec       0x14 /usr/local/lib/gcc-lib/arm-elf/2.95.3/libgcc.a(dp-bit.o)
 .bss           0x00006c00       0x10 /usr/local/lib/gcc-lib/arm-elf/2.95.3/libgcc.a(fp-bit.o)
 *(COMMON)
 COMMON         0x00006c10       0x18 chap07.o
                                  0x0 (size before relaxing)
                0x00006c10                cpld_ctrl
                0x00006c14                io_reg2
                0x00006c18                col
                0x00006c1c                new_row
                0x00006c20                new_col
                0x00006c24                row
 *fill*         0x00006c28        0x8
 COMMON         0x00006c30       0x6c driver.o
                                  0x0 (size before relaxing)
                0x00006c30                scan_key_in_idx
                0x00006c40                scan_key_buf
                0x00006c60                scan_key_out_idx
                0x00006c64                tick_sec
                0x00006c68                key_assigned
                0x00006c6c                seven_seg_idx
                0x00006c70                seven_seg_buf
                0x00006c74                tick_on
                0x00006c78                min
                0x00006c7c                tick_min
                0x00006c80                sec
                0x00006c84                scan_idx
                0x00006c88                last_scan_key
                0x00006c8c                io_reg0
                0x00006c90                tick_hour
                0x00006c94                tick_ms
                0x00006c98                scan_key
 *fill*         0x00006c9c        0x4
 COMMON         0x00006ca0      0x400 /usr/local/arm-elf/lib/libc.a(_stdio_init.o)
                                  0x0 (size before relaxing)
                0x00006ca0                _fixed_buffers
                0x000070a0                .=ALIGN(0x4)
                0x000070a0                _ebss=.
                0x000070a0                _end=.

.stack          0x01000000        0x0
                0x01000000                _USR_STACK=.
                0x00fff000                _IRQ_STACK=(.-0x1000)
                0x00fff000                _FIQ_STACK=(.-0x1000)
                0x00fff000                __stack_limit=(.-0x1000)
OUTPUT(chap07_rom.axf elf32-littlearm)

.debug_abbrev   0x01000000      0x6a9
 .debug_abbrev  0x01000000      0x13f chap07.o
 .debug_abbrev  0x0100013f      0x10a sbrk.o
 .debug_abbrev  0x01000249      0x16c driver.o
 .debug_abbrev  0x010003b5      0x1ba lcd.o
 .debug_abbrev  0x0100056f       0x21 /usr/local/lib/gcc-lib/arm-elf/2.95.3/libgcc.a(__main.o)
 .debug_abbrev  0x01000590        0xe /usr/local/lib/gcc-lib/arm-elf/2.95.3/libgcc.a(_ctors.o)
 .debug_abbrev  0x0100059e        0xe /usr/local/lib/gcc-lib/arm-elf/2.95.3/libgcc.a(_exit.o)
 .debug_abbrev  0x010005ac       0x6e /usr/local/lib/gcc-lib/arm-elf/2.95.3/libgcc.a(dp-bit.o)
 .debug_abbrev  0x0100061a       0x6e /usr/local/lib/gcc-lib/arm-elf/2.95.3/libgcc.a(fp-bit.o)
 .debug_abbrev  0x01000688       0x21 /usr/local/lib/gcc-lib/arm-elf/2.95.3/libgcc.a(_lshrdi3.o)

.debug_info     0x010006a9     0x4a86
 .debug_info    0x010006a9      0xf44 chap07.o
 .debug_info    0x010015ed      0xdc8 sbrk.o
 .debug_info    0x010023b5      0x837 driver.o
 .debug_info    0x01002bec     0x1583 lcd.o
 .debug_info    0x0100416f      0x11b /usr/local/lib/gcc-lib/arm-elf/2.95.3/libgcc.a(__main.o)
 .debug_info    0x0100428a       0xbf /usr/local/lib/gcc-lib/arm-elf/2.95.3/libgcc.a(_ctors.o)
 .debug_info    0x01004349       0xbf /usr/local/lib/gcc-lib/arm-elf/2.95.3/libgcc.a(_exit.o)
 .debug_info    0x01004408      0x627 /usr/local/lib/gcc-lib/arm-elf/2.95.3/libgcc.a(dp-bit.o)
 .debug_info    0x01004a2f      0x628 /usr/local/lib/gcc-lib/arm-elf/2.95.3/libgcc.a(fp-bit.o)
 .debug_info    0x01005057       0xd8 /usr/local/lib/gcc-lib/arm-elf/2.95.3/libgcc.a(_lshrdi3.o)

.debug_line     0x0100512f     0x18df
 .debug_line    0x0100512f      0x66d chap07.o
 .debug_line    0x0100579c      0x3a8 sbrk.o
 .debug_line    0x01005b44      0x5cd driver.o
 .debug_line    0x01006111      0x8fd lcd.o

.debug_pubnames
                0x01006a0e      0x71d
 .debug_pubnames
                0x01006a0e       0xbf chap07.o
 .debug_pubnames
                0x01006acd       0x1b sbrk.o
 .debug_pubnames
                0x01006ae8      0x270 driver.o
 .debug_pubnames
                0x01006d58      0x13c lcd.o
 .debug_pubnames
                0x01006e94       0x4c /usr/local/lib/gcc-lib/arm-elf/2.95.3/libgcc.a(__main.o)
 .debug_pubnames
                0x01006ee0      0x115 /usr/local/lib/gcc-lib/arm-elf/2.95.3/libgcc.a(dp-bit.o)
 .debug_pubnames
                0x01006ff5      0x116 /usr/local/lib/gcc-lib/arm-elf/2.95.3/libgcc.a(fp-bit.o)
 .debug_pubnames
                0x0100710b       0x20 /usr/local/lib/gcc-lib/arm-elf/2.95.3/libgcc.a(_lshrdi3.o)

.debug_aranges  0x0100712b      0x100
 .debug_aranges
                0x0100712b       0x20 chap07.o
 .debug_aranges
                0x0100714b       0x20 sbrk.o
 .debug_aranges
                0x0100716b       0x20 driver.o
 .debug_aranges
                0x0100718b       0x20 lcd.o
 .debug_aranges
                0x010071ab       0x20 /usr/local/lib/gcc-lib/arm-elf/2.95.3/libgcc.a(__main.o)
 .debug_aranges
                0x010071cb       0x20 /usr/local/lib/gcc-lib/arm-elf/2.95.3/libgcc.a(dp-bit.o)
 .debug_aranges
                0x010071eb       0x20 /usr/local/lib/gcc-lib/arm-elf/2.95.3/libgcc.a(fp-bit.o)
 .debug_aranges
                0x0100720b       0x20 /usr/local/lib/gcc-lib/arm-elf/2.95.3/libgcc.a(_lshrdi3.o)
